// Vitest Snapshot v1, https://vitest.dev/guide/snapshot.html

exports[`<Wrapper /> renders 1`] = `
<div>
  <div
    class="grid gap-4 sm:grid-cols-4 sm:mx-auto"
  >
    <div
      class="relative bg-lightg flex flex-col justify-content-center \\   items-center shadow-lg rounded-xl"
    >
      <div
        class="mt-4 w-11/12"
      >
        <img
          alt="test"
          class="h-[27rem] w-full object-cover"
          src="https://www.feastingathome.com/wp-content/uploads/2024/10/Vegan-Fajitas-13.jpg"
        />
      </div>
      <div
        class="m-4"
      >
        <a
          class="text-xl hover:underline hover:cursor-pointer whitespace-nowrap"
          href="https://www.feastingathome.com/vegan-fajitas/"
          rel="noopener noreferrer"
          target="_blank"
        >
          Vegan Fajitas 2
        </a>
      </div>
      <img
        class="absolute top-5 right-5 hover:scale-125 hover:cursor-pointer"
        height="30px"
        src="/thumb-tack.webp"
        width="30px"
      />
    </div>
    <div
      class="relative bg-lightg flex flex-col justify-content-center \\   items-center shadow-lg rounded-xl"
    >
      <div
        class="mt-4 w-11/12"
      >
        <img
          alt="test"
          class="h-[27rem] w-full object-cover"
          src="https://www.feastingathome.com/wp-content/uploads/2024/10/Vegan-Fajitas-13.jpg"
        />
      </div>
      <div
        class="m-4"
      >
        <a
          class="text-xl hover:underline hover:cursor-pointer whitespace-nowrap"
          href="https://www.feastingathome.com/vegan-fajitas/"
          rel="noopener noreferrer"
          target="_blank"
        >
          Vegan Fajitas 2
        </a>
      </div>
      <img
        class="absolute top-5 right-5 hover:scale-125 hover:cursor-pointer"
        height="30px"
        src="/thumb-tack.webp"
        width="30px"
      />
    </div>
    <div
      class="relative bg-lightg flex flex-col justify-content-center \\   items-center shadow-lg rounded-xl"
    >
      <div
        class="mt-4 w-11/12"
      >
        <img
          alt="test"
          class="h-[27rem] w-full object-cover"
          src="https://www.feastingathome.com/wp-content/uploads/2024/10/Vegan-Fajitas-13.jpg"
        />
      </div>
      <div
        class="m-4"
      >
        <a
          class="text-xl hover:underline hover:cursor-pointer whitespace-nowrap"
          href="https://www.feastingathome.com/vegan-fajitas/"
          rel="noopener noreferrer"
          target="_blank"
        >
          Vegan Fajitas 2
        </a>
      </div>
      <img
        class="absolute top-5 right-5 hover:scale-125 hover:cursor-pointer"
        height="30px"
        src="/thumb-tack.webp"
        width="30px"
      />
    </div>
    <div
      class="relative bg-lightg flex flex-col justify-content-center \\   items-center shadow-lg rounded-xl"
    >
      <div
        class="mt-4 w-11/12"
      >
        <img
          alt="test"
          class="h-[27rem] w-full object-cover"
          src="https://www.feastingathome.com/wp-content/uploads/2024/10/Vegan-Fajitas-13.jpg"
        />
      </div>
      <div
        class="m-4"
      >
        <a
          class="text-xl hover:underline hover:cursor-pointer whitespace-nowrap"
          href="https://www.feastingathome.com/vegan-fajitas/"
          rel="noopener noreferrer"
          target="_blank"
        >
          Vegan Fajitas 2
        </a>
      </div>
      <img
        class="absolute top-5 right-5 hover:scale-125 hover:cursor-pointer"
        height="30px"
        src="/thumb-tack.webp"
        width="30px"
      />
    </div>
    <div
      class="relative bg-lightg flex flex-col justify-content-center \\   items-center shadow-lg rounded-xl"
    >
      <div
        class="mt-4 w-11/12"
      >
        <img
          alt="test"
          class="h-[27rem] w-full object-cover"
          src="https://www.feastingathome.com/wp-content/uploads/2024/10/Vegan-Fajitas-13.jpg"
        />
      </div>
      <div
        class="m-4"
      >
        <a
          class="text-xl hover:underline hover:cursor-pointer whitespace-nowrap"
          href="https://www.feastingathome.com/vegan-fajitas/"
          rel="noopener noreferrer"
          target="_blank"
        >
          Vegan Fajitas 2
        </a>
      </div>
      <img
        class="absolute top-5 right-5 hover:scale-125 hover:cursor-pointer"
        height="30px"
        src="/thumb-tack.webp"
        width="30px"
      />
    </div>
    <div
      class="relative bg-lightg flex flex-col justify-content-center \\   items-center shadow-lg rounded-xl"
    >
      <div
        class="mt-4 w-11/12"
      >
        <img
          alt="test"
          class="h-[27rem] w-full object-cover"
          src="https://www.feastingathome.com/wp-content/uploads/2024/10/Vegan-Fajitas-13.jpg"
        />
      </div>
      <div
        class="m-4"
      >
        <a
          class="text-xl hover:underline hover:cursor-pointer whitespace-nowrap"
          href="https://www.feastingathome.com/vegan-fajitas/"
          rel="noopener noreferrer"
          target="_blank"
        >
          Vegan Fajitas 2
        </a>
      </div>
      <img
        class="absolute top-5 right-5 hover:scale-125 hover:cursor-pointer"
        height="30px"
        src="/thumb-tack.webp"
        width="30px"
      />
    </div>
    <div
      class="relative bg-lightg flex flex-col justify-content-center \\   items-center shadow-lg rounded-xl"
    >
      <div
        class="mt-4 w-11/12"
      >
        <img
          alt="test"
          class="h-[27rem] w-full object-cover"
          src="https://www.feastingathome.com/wp-content/uploads/2024/10/Vegan-Fajitas-13.jpg"
        />
      </div>
      <div
        class="m-4"
      >
        <a
          class="text-xl hover:underline hover:cursor-pointer whitespace-nowrap"
          href="https://www.feastingathome.com/vegan-fajitas/"
          rel="noopener noreferrer"
          target="_blank"
        >
          Vegan Fajitas 2
        </a>
      </div>
      <img
        class="absolute top-5 right-5 hover:scale-125 hover:cursor-pointer"
        height="30px"
        src="/thumb-tack.webp"
        width="30px"
      />
    </div>
    <div
      class="relative bg-lightg flex flex-col justify-content-center \\   items-center shadow-lg rounded-xl"
    >
      <div
        class="mt-4 w-11/12"
      >
        <img
          alt="test"
          class="h-[27rem] w-full object-cover"
          src="https://www.feastingathome.com/wp-content/uploads/2024/10/Vegan-Fajitas-13.jpg"
        />
      </div>
      <div
        class="m-4"
      >
        <a
          class="text-xl hover:underline hover:cursor-pointer whitespace-nowrap"
          href="https://www.feastingathome.com/vegan-fajitas/"
          rel="noopener noreferrer"
          target="_blank"
        >
          Vegan Fajitas 2
        </a>
      </div>
      <img
        class="absolute top-5 right-5 hover:scale-125 hover:cursor-pointer"
        height="30px"
        src="/thumb-tack.webp"
        width="30px"
      />
    </div>
    <div
      class="relative bg-lightg flex flex-col justify-content-center \\   items-center shadow-lg rounded-xl"
    >
      <div
        class="mt-4 w-11/12"
      >
        <img
          alt="test"
          class="h-[27rem] w-full object-cover"
          src="https://www.feastingathome.com/wp-content/uploads/2024/10/Vegan-Fajitas-13.jpg"
        />
      </div>
      <div
        class="m-4"
      >
        <a
          class="text-xl hover:underline hover:cursor-pointer whitespace-nowrap"
          href="https://www.feastingathome.com/vegan-fajitas/"
          rel="noopener noreferrer"
          target="_blank"
        >
          Vegan Fajitas 2
        </a>
      </div>
      <img
        class="absolute top-5 right-5 hover:scale-125 hover:cursor-pointer"
        height="30px"
        src="/thumb-tack.webp"
        width="30px"
      />
    </div>
    <div
      class="relative bg-lightg flex flex-col justify-content-center \\   items-center shadow-lg rounded-xl"
    >
      <div
        class="mt-4 w-11/12"
      >
        <img
          alt="test"
          class="h-[27rem] w-full object-cover"
          src="https://www.feastingathome.com/wp-content/uploads/2024/10/Vegan-Fajitas-13.jpg"
        />
      </div>
      <div
        class="m-4"
      >
        <a
          class="text-xl hover:underline hover:cursor-pointer whitespace-nowrap"
          href="https://www.feastingathome.com/vegan-fajitas/"
          rel="noopener noreferrer"
          target="_blank"
        >
          Vegan Fajitas 2
        </a>
      </div>
      <img
        class="absolute top-5 right-5 hover:scale-125 hover:cursor-pointer"
        height="30px"
        src="/thumb-tack.webp"
        width="30px"
      />
    </div>
  </div>
</div>
`;
