// Vitest Snapshot v1, https://vitest.dev/guide/snapshot.html

exports[`<SearchResults /> renders 1`] = `
<div>
  <div
    class="grid gap-4 grid-cols-2 sm:grid-cols-6 sm:mx-auto"
  >
    <a
      href="https://www.feastingathome.com/vegan-fajitas/"
      target="blank"
    >
      <div
        class="cursor-pointer relative flex flex-col justify-content-center \\   items-center "
      >
        <div
          class="mt-4 w-full rounded-md overflow-hidden"
        >
          <img
            alt="test"
            class="h-[16rem] sm:h-[20rem] w-full object-cover"
            src="https://www.feastingathome.com/wp-content/uploads/2024/10/Vegan-Fajitas-13.jpg"
          />
        </div>
        <div
          class="m-2"
        >
          <p
            class="text-lightg text-md"
          >
            Vegan Fajitas 1
          </p>
        </div>
        <img
          class="absolute top-5 right-1 hover:scale-125 hover:cursor-pointer"
          data-testid="pin"
          height="30px"
          src="/thumb-tack.webp"
          width="30px"
        />
      </div>
    </a>
    <a
      href="https://www.feastingathome.com/vegan-fajitas/"
      target="blank"
    >
      <div
        class="cursor-pointer relative flex flex-col justify-content-center \\   items-center "
      >
        <div
          class="mt-4 w-full rounded-md overflow-hidden"
        >
          <img
            alt="test"
            class="h-[16rem] sm:h-[20rem] w-full object-cover"
            src="https://www.feastingathome.com/wp-content/uploads/2024/10/Vegan-Fajitas-13.jpg"
          />
        </div>
        <div
          class="m-2"
        >
          <p
            class="text-lightg text-md"
          >
            Vegan Fajitas 2
          </p>
        </div>
        <img
          class="absolute top-5 right-1 hover:scale-125 hover:cursor-pointer"
          data-testid="pin"
          height="30px"
          src="/thumb-tack-cancel.webp"
          width="30px"
        />
      </div>
    </a>
    <a
      href="https://www.feastingathome.com/vegan-fajitas/"
      target="blank"
    >
      <div
        class="cursor-pointer relative flex flex-col justify-content-center \\   items-center "
      >
        <div
          class="mt-4 w-full rounded-md overflow-hidden"
        >
          <img
            alt="test"
            class="h-[16rem] sm:h-[20rem] w-full object-cover"
            src="https://www.feastingathome.com/wp-content/uploads/2024/10/Vegan-Fajitas-13.jpg"
          />
        </div>
        <div
          class="m-2"
        >
          <p
            class="text-lightg text-md"
          >
            Vegan Fajitas 3
          </p>
        </div>
        <img
          class="absolute top-5 right-1 hover:scale-125 hover:cursor-pointer"
          data-testid="pin"
          height="30px"
          src="/thumb-tack-cancel.webp"
          width="30px"
        />
      </div>
    </a>
    <a
      href="https://www.feastingathome.com/vegan-fajitas/"
      target="blank"
    >
      <div
        class="cursor-pointer relative flex flex-col justify-content-center \\   items-center "
      >
        <div
          class="mt-4 w-full rounded-md overflow-hidden"
        >
          <img
            alt="test"
            class="h-[16rem] sm:h-[20rem] w-full object-cover"
            src="https://www.feastingathome.com/wp-content/uploads/2024/10/Vegan-Fajitas-13.jpg"
          />
        </div>
        <div
          class="m-2"
        >
          <p
            class="text-lightg text-md"
          >
            Vegan Fajitas 4
          </p>
        </div>
        <img
          class="absolute top-5 right-1 hover:scale-125 hover:cursor-pointer"
          data-testid="pin"
          height="30px"
          src="/thumb-tack-cancel.webp"
          width="30px"
        />
      </div>
    </a>
    <a
      href="https://www.feastingathome.com/vegan-fajitas/"
      target="blank"
    >
      <div
        class="cursor-pointer relative flex flex-col justify-content-center \\   items-center "
      >
        <div
          class="mt-4 w-full rounded-md overflow-hidden"
        >
          <img
            alt="test"
            class="h-[16rem] sm:h-[20rem] w-full object-cover"
            src="https://www.feastingathome.com/wp-content/uploads/2024/10/Vegan-Fajitas-13.jpg"
          />
        </div>
        <div
          class="m-2"
        >
          <p
            class="text-lightg text-md"
          >
            Vegan Fajitas 5
          </p>
        </div>
        <img
          class="absolute top-5 right-1 hover:scale-125 hover:cursor-pointer"
          data-testid="pin"
          height="30px"
          src="/thumb-tack-cancel.webp"
          width="30px"
        />
      </div>
    </a>
    <a
      href="https://www.feastingathome.com/vegan-fajitas/"
      target="blank"
    >
      <div
        class="cursor-pointer relative flex flex-col justify-content-center \\   items-center "
      >
        <div
          class="mt-4 w-full rounded-md overflow-hidden"
        >
          <img
            alt="test"
            class="h-[16rem] sm:h-[20rem] w-full object-cover"
            src="https://www.feastingathome.com/wp-content/uploads/2024/10/Vegan-Fajitas-13.jpg"
          />
        </div>
        <div
          class="m-2"
        >
          <p
            class="text-lightg text-md"
          >
            Vegan Fajitas 6
          </p>
        </div>
        <img
          class="absolute top-5 right-1 hover:scale-125 hover:cursor-pointer"
          data-testid="pin"
          height="30px"
          src="/thumb-tack-cancel.webp"
          width="30px"
        />
      </div>
    </a>
    <a
      href="https://www.feastingathome.com/vegan-fajitas/"
      target="blank"
    >
      <div
        class="cursor-pointer relative flex flex-col justify-content-center \\   items-center "
      >
        <div
          class="mt-4 w-full rounded-md overflow-hidden"
        >
          <img
            alt="test"
            class="h-[16rem] sm:h-[20rem] w-full object-cover"
            src="https://www.feastingathome.com/wp-content/uploads/2024/10/Vegan-Fajitas-13.jpg"
          />
        </div>
        <div
          class="m-2"
        >
          <p
            class="text-lightg text-md"
          >
            Vegan Fajitas 7
          </p>
        </div>
        <img
          class="absolute top-5 right-1 hover:scale-125 hover:cursor-pointer"
          data-testid="pin"
          height="30px"
          src="/thumb-tack-cancel.webp"
          width="30px"
        />
      </div>
    </a>
    <a
      href="https://www.feastingathome.com/vegan-fajitas/"
      target="blank"
    >
      <div
        class="cursor-pointer relative flex flex-col justify-content-center \\   items-center "
      >
        <div
          class="mt-4 w-full rounded-md overflow-hidden"
        >
          <img
            alt="test"
            class="h-[16rem] sm:h-[20rem] w-full object-cover"
            src="https://www.feastingathome.com/wp-content/uploads/2024/10/Vegan-Fajitas-13.jpg"
          />
        </div>
        <div
          class="m-2"
        >
          <p
            class="text-lightg text-md"
          >
            Vegan Fajitas 8
          </p>
        </div>
        <img
          class="absolute top-5 right-1 hover:scale-125 hover:cursor-pointer"
          data-testid="pin"
          height="30px"
          src="/thumb-tack-cancel.webp"
          width="30px"
        />
      </div>
    </a>
    <a
      href="https://www.feastingathome.com/vegan-fajitas/"
      target="blank"
    >
      <div
        class="cursor-pointer relative flex flex-col justify-content-center \\   items-center "
      >
        <div
          class="mt-4 w-full rounded-md overflow-hidden"
        >
          <img
            alt="test"
            class="h-[16rem] sm:h-[20rem] w-full object-cover"
            src="https://www.feastingathome.com/wp-content/uploads/2024/10/Vegan-Fajitas-13.jpg"
          />
        </div>
        <div
          class="m-2"
        >
          <p
            class="text-lightg text-md"
          >
            Vegan Fajitas 9
          </p>
        </div>
        <img
          class="absolute top-5 right-1 hover:scale-125 hover:cursor-pointer"
          data-testid="pin"
          height="30px"
          src="/thumb-tack-cancel.webp"
          width="30px"
        />
      </div>
    </a>
    <a
      href="https://www.feastingathome.com/vegan-fajitas/"
      target="blank"
    >
      <div
        class="cursor-pointer relative flex flex-col justify-content-center \\   items-center "
      >
        <div
          class="mt-4 w-full rounded-md overflow-hidden"
        >
          <img
            alt="test"
            class="h-[16rem] sm:h-[20rem] w-full object-cover"
            src="https://www.feastingathome.com/wp-content/uploads/2024/10/Vegan-Fajitas-13.jpg"
          />
        </div>
        <div
          class="m-2"
        >
          <p
            class="text-lightg text-md"
          >
            Vegan Fajitas 10
          </p>
        </div>
        <img
          class="absolute top-5 right-1 hover:scale-125 hover:cursor-pointer"
          data-testid="pin"
          height="30px"
          src="/thumb-tack-cancel.webp"
          width="30px"
        />
      </div>
    </a>
  </div>
</div>
`;
