// Vitest Snapshot v1, https://vitest.dev/guide/snapshot.html

exports[`<CardHeader /> renders 1`] = `
<div>
  <div
    class="w-11/12"
  >
    <img
      alt="test"
      class="h-[27rem] w-full object-cover"
      src="https://fastly.picsum.photos/id/454/200/300.jpg?hmac=wGXBDB3HURz2isRdLrgggeWdD1yO3rdX4B3-jlzRncg"
    />
  </div>
</div>
`;
