// Vitest Snapshot v1, https://vitest.dev/guide/snapshot.html

exports[`<CardHeader /> renders 1`] = `
<div>
  <div
    class="mt-4 w-11/12"
  >
    <img
      alt="test"
      class="h-[27rem] w-full object-cover"
      src="https://www.feastingathome.com/wp-content/uploads/2024/10/Vegan-Fajitas-13.jpg"
    />
  </div>
</div>
`;
