// Vitest Snapshot v1, https://vitest.dev/guide/snapshot.html

exports[`<Category /> renders 1`] = `
<div>
  <section
    class="w-full"
  >
    <p
      class="text-lightg font-bold text-3xl my-10 text-center"
    >
      Entree
    </p>
    <div
      class="grid gap-4 grid-cols-2 sm:grid-cols-6 sm:mx-auto"
    />
  </section>
</div>
`;
