// Vitest Snapshot v1, https://vitest.dev/guide/snapshot.html

exports[`<SearchRecipes /> renders 1`] = `
<div>
  <div
    class="flex flex-col items-center"
  >
    <input
      class="relative rounded-md h-[3rem] w-[20rem] py-[8px] mt-4 text-xl pl-2"
      placeholder="Search recipes"
      type="text"
      value=""
    />
    <button
      class="mt-6 bg-tan-500 text-black rounded-md border py-2 px-8 bg-medg border-1 border-lightg"
    >
      Reset
    </button>
  </div>
</div>
`;
