// Vitest Snapshot v1, https://vitest.dev/guide/snapshot.html

exports[`<CardContent /> renders 1`] = `
<div>
  <div
    class="m-4"
  >
    <a
      class="text-xl hover:underline hover:cursor-pointer whitespace-nowrap"
      href="https://www.feastingathome.com/vegan-fajitas/"
      rel="noopener noreferrer"
      target="_blank"
    >
      Vegan Fajitas 1
    </a>
  </div>
</div>
`;
